(1,ERROR,"'")
(1,ERROR,"\")
(1,ERROR,"n")
(1,ERROR,"'")

