(1,ERROR,"b")
(1,ERROR,"o")
(1,ERROR,"o")
(1,ERROR,"l")
(1,ERROR,"e")
(1,ERROR,"a")
(1,ERROR,"n")
(1,ERROR," ")
(1,ERROR," ")

(1,ERROR,"e")
(1,ERROR,"l")
(1,ERROR,"s")
(1,ERROR,"e")
(1,ERROR," ")
(1,ERROR," ")

(1,ERROR,"f")
(1,ERROR,"a")
(1,ERROR,"l")
(1,ERROR,"s")
(1,ERROR,"e")
(1,ERROR," ")
(1,ERROR," ")

(1,ERROR,"f")
(1,ERROR,"u")
(1,ERROR,"n")
(1,ERROR,"c")
(1,ERROR,"t")
(1,ERROR,"i")
(1,ERROR,"o")
(1,ERROR,"n")
(1,ERROR," ")
(1,ERROR," ")

(1,ERROR,"i")
(1,ERROR,"f")

(1,ERROR,"i")
(1,ERROR,"n")
(1,ERROR,"t")
(1,ERROR,"e")
(1,ERROR,"g")
(1,ERROR,"e")
(1,ERROR,"r")
(1,ERROR," ")
(1,ERROR," ")

(1,ERROR,"p")
(1,ERROR,"r")
(1,ERROR,"i")
(1,ERROR,"n")
(1,ERROR,"t")
(1,ERROR," ")
(1,ERROR," ")

(1,ERROR,"r")
(1,ERROR,"e")
(1,ERROR,"t")
(1,ERROR,"u")
(1,ERROR,"r")
(1,ERROR,"n")
(1,ERROR," ")
(1,ERROR," ")

(1,ERROR,"s")
(1,ERROR,"t")
(1,ERROR,"r")
(1,ERROR,"i")
(1,ERROR,"n")
(1,ERROR,"g")

(1,ERROR,"t")
(1,ERROR,"r")
(1,ERROR,"u")
(1,ERROR,"e")
(1,ERROR," ")
(1,ERROR," ")

(1,ERROR,"v")
(1,ERROR,"o")
(1,ERROR,"i")
(1,ERROR,"d")
(1,ERROR," ")
(1,ERROR," ")
(1,ERROR," ")

(1,ERROR,"w")
(1,ERROR,"h")
(1,ERROR,"i")
(1,ERROR,"l")
(1,ERROR,"e")

(1,ERROR,"f")
(1,ERROR,"o")
(1,ERROR,"r")

(1,ERROR,"c")
(1,ERROR,"h")
(1,ERROR,"a")
(1,ERROR,"r")


