(1,ERROR,""")
(1,ERROR,"1")
(1,ERROR,"2")
(1,ERROR,"3")

(1,ERROR,"d")
(1,ERROR,"e")
(1,ERROR,"f")
(1,ERROR," ")
(1,ERROR,"1")
(1,ERROR,"2")
(1,ERROR,"3")
(1,ERROR,""")
(1,ERROR," ")


