(1,ERROR,"0")

(1,ERROR,"1")

(1,ERROR,"5")

(1,ERROR,"0")
(1,ERROR,"0")

(1,ERROR,"1")
(1,ERROR,"0")

(1,ERROR,"2")
(1,ERROR,"6")

(1,ERROR,"0")
(1,ERROR,"7")
(1,ERROR,"7")
(1,ERROR,"7")

(1,ERROR,"8")
(1,ERROR,"0")
(1,ERROR,"0")

(1,ERROR,"9")
(1,ERROR,"1")
(1,ERROR,"9")

(1,ERROR,"5")
(1,ERROR,"7")
(1,ERROR,"9")
(1,ERROR,"3")

(1,ERROR,"1")
(1,ERROR,"6")
(1,ERROR,"9")
(1,ERROR,"8")
(1,ERROR,"7")

(1,ERROR,"4")
(1,ERROR,"9")
(1,ERROR,"1")
(1,ERROR,"2")
(1,ERROR,"3")

