(1,ERROR,"c")
(1,ERROR,"=")
(1,ERROR,"'")
(1,ERROR,"a")

