

(1,ERROR," ")
(1,ERROR," ")
(1,ERROR,"i")
(1,ERROR,"f")
(1,ERROR," ")
(1,ERROR," ")
(1,ERROR," ")
(1,ERROR,"(")
(1,ERROR," ")
(1,ERROR,"b")
(1,ERROR," ")
(1,ERROR,")")
(1,ERROR," ")

(1,ERROR,"	")
(1,ERROR,"p")
(1,ERROR,"r")
(1,ERROR,"i")
(1,ERROR,"n")
(1,ERROR,"t")
(1,ERROR," ")
(1,ERROR,"1")
(1,ERROR," ")
(1,ERROR," ")
(1,ERROR," ")
(1,ERROR,";")

(1,ERROR,"e")
(1,ERROR,"l")
(1,ERROR,"s")
(1,ERROR,"e")
(1,ERROR," ")
(1,ERROR," ")
(1,ERROR," ")
(1,ERROR," ")
(1,ERROR,"p")
(1,ERROR,"r")
(1,ERROR,"i")
(1,ERROR,"n")
(1,ERROR,"t")
(1,ERROR," ")
(1,ERROR," ")
(1,ERROR,"0")
(1,ERROR," ")
(1,ERROR,";")




