(1,ERROR,"'")
(1,ERROR,"t")
(1,ERROR,"'")

(1,ERROR,"'")
(1,ERROR,"\")
(1,ERROR,"n")
(1,ERROR,"'")

(1,ERROR,"'")
(1,ERROR,"\")
(1,ERROR,"0")
(1,ERROR,"'")

(1,ERROR,"'")
(1,ERROR," ")
(1,ERROR,"'")

(1,ERROR,"'")

(1,ERROR,"'")
(1,ERROR,"\")
(1,ERROR,"'")
(1,ERROR,"'")

(1,ERROR,"'")
(1,ERROR,"'")

