(1,ERROR,""")
(1,ERROR,"1")
(1,ERROR,"2")
(1,ERROR,"3")
(1,ERROR,",")

