      21      79     581 tests/inputs/_reviewer-general-template.txt
