      49   10862   61192 tests/inputs/_scholarship-transcript-draft.txt
