(1,ERROR,""")
(1,NUM,"123")
(2,ID,"def")
(2,NUM,"123")
(2,ERROR,""")
