(1,NUM,"0")
(2,NUM,"1")
(3,NUM,"5")
(4,NUM,"00")
(5,NUM,"10")
(6,NUM,"26")
(7,NUM,"0777")
(8,NUM,"800")
(9,NUM,"919")
(10,NUM,"5793")
(11,NUM,"16987")
(12,NUM,"49123")
