(2,265,"if")
(2,40,"(")
(2,ID,"b")
(2,41,")")
(3,267,"print")
(3,NUM,"1")
(3,59,";")
(5,267,"print")
(5,NUM,"0")
(5,59,";")
