(1,43,"+")
(1,45,"-")
(1,42,"*")
(1,47,"/")
(1,37,"%")
(2,33,"!")
(2,60,"<")
(2,62,">")
(2,61,"=")
(3,58,":")
(3,59,";")
(3,44,",")
(4,40,"(")
(4,41,")")
(4,123,"{")
(4,125,"}")
(5,91,"[")
(5,93,"]")
