(1,273,"<=")
(1,274,">=")
(1,275,"==")
(1,276,"!=")
(2,277,"&&")
(2,278,"||")
(3,43,"+")
(3,43,"+")
(3,45,"-")
(3,45,"-")
