(3,265,"if")
(3,40,"(")
(3,ID,"b")
(3,41,")")
(4,267,"print")
(4,NUM,"1")
(4,59,";")
(5,261,"else")
(5,267,"print")
(5,NUM,"0")
(5,59,";")
