(1,CHAR,"'t'")
(2,CHAR,"'\n'")
(3,CHAR,"'\0'")
(4,CHAR,"' '")
(5,ERROR,"'")
(6,CHAR,"'\''")
(7,ERROR,"'")
(7,ERROR,"'")
