(2,ID,"main")
(2,58,":")
(2,264,"function")
(2,266,"integer")
(2,40,"(")
(2,41,")")
(2,61,"=")
(3,123,"{")
(4,ID,"a")
(4,58,":")
(4,266,"integer")
(4,59,";")
(5,ID,"read")
(5,40,"(")
(5,ID,"a")
(5,41,")")
(5,59,";")
(6,265,"if")
(6,40,"(")
(6,ID,"a")
(6,273,"<=")
(6,NUM,"0")
(6,41,")")
(7,ID,"a")
(7,61,"=")
(7,45,"-")
(7,ID,"a")
(7,59,";")
(8,267,"print")
(8,STR,""saida: "")
(8,44,",")
(8,ID,"a")
(8,59,";")
(9,125,"}")
