(1,259,"boolean")
(2,261,"else")
(3,262,"false")
(4,264,"function")
(5,265,"if")
(6,266,"integer")
(7,267,"print")
(8,268,"return")
(9,269,"string")
(10,270,"true")
(11,271,"void")
(12,272,"while")
(13,263,"for")
(14,260,"char")
